// Jest Snapshot v1, https://goo.gl/fbAQLP

exports[`renders correctly 1`] = `
<div
  className="App"
>
  <header
    className="header"
  >
    <img
      alt="logo"
      className="header__logo"
      src="logo.svg"
    />
    <h1
      className="header__title"
    >
      Notes Viewer Test App
    </h1>
    <div
      className="header__unread-count"
    >
      Unread:
      <span
        className="header__unread-count--count"
      >
        0
      </span>
    </div>
  </header>
  <section
    className="NotesSidebar"
  >
    <h2
      className="NotesSidebar__title"
    >
      Available Notes:
    </h2>
    <div
      className="NotesSidebar__list"
    >
      <div
        className="NotesSidebarItem empty"
      >
        --Empty--
      </div>
    </div>
  </section>
</div>
`;
